<?xml version="1.0"?>
<link_info>
   <banner>TI ARM Linker PC v5.2.2</banner>
   <copyright>Copyright (c) 1996-2015 Texas Instruments Incorporated</copyright>
   <link_time>0x5540f3e8</link_time>
   <link_errors>0x0</link_errors>
   <output_file>Inselbus.out</output_file>
   <entry_point>
      <name>_c_int00</name>
      <address>0xc0d</address>
   </entry_point>
   <input_file_list>
      <input_file id="fl-2">
         <path>.\</path>
         <kind>object</kind>
         <file>BufferUart.obj</file>
         <name>BufferUart.obj</name>
      </input_file>
      <input_file id="fl-3">
         <path>.\</path>
         <kind>object</kind>
         <file>CimiInit.obj</file>
         <name>CimiInit.obj</name>
      </input_file>
      <input_file id="fl-4">
         <path>.\</path>
         <kind>object</kind>
         <file>IOMessage.obj</file>
         <name>IOMessage.obj</name>
      </input_file>
      <input_file id="fl-5">
         <path>.\</path>
         <kind>object</kind>
         <file>Modul.obj</file>
         <name>Modul.obj</name>
      </input_file>
      <input_file id="fl-6">
         <path>.\</path>
         <kind>object</kind>
         <file>Uart.obj</file>
         <name>Uart.obj</name>
      </input_file>
      <input_file id="fl-7">
         <path>.\</path>
         <kind>object</kind>
         <file>UartInit.obj</file>
         <name>UartInit.obj</name>
      </input_file>
      <input_file id="fl-8">
         <path>.\</path>
         <kind>object</kind>
         <file>buttons.obj</file>
         <name>buttons.obj</name>
      </input_file>
      <input_file id="fl-9">
         <path>.\</path>
         <kind>object</kind>
         <file>crc16.obj</file>
         <name>crc16.obj</name>
      </input_file>
      <input_file id="fl-a">
         <path>.\</path>
         <kind>object</kind>
         <file>main.obj</file>
         <name>main.obj</name>
      </input_file>
      <input_file id="fl-b">
         <path>.\</path>
         <kind>object</kind>
         <file>tm4c1294ncpdt_startup_ccs.obj</file>
         <name>tm4c1294ncpdt_startup_ccs.obj</name>
      </input_file>
      <input_file id="fl-132">
         <path>C:\css\ccs6\ccsv6\tools\compiler\ti-cgt-arm_5.2.2\lib\</path>
         <kind>archive</kind>
         <file>rtsv7M4_T_le_v4SPD16_eabi.lib</file>
         <name>assert.obj</name>
      </input_file>
      <input_file id="fl-133">
         <path>C:\css\ccs6\ccsv6\tools\compiler\ti-cgt-arm_5.2.2\lib\</path>
         <kind>archive</kind>
         <file>rtsv7M4_T_le_v4SPD16_eabi.lib</file>
         <name>boot.obj</name>
      </input_file>
      <input_file id="fl-134">
         <path>C:\css\ccs6\ccsv6\tools\compiler\ti-cgt-arm_5.2.2\lib\</path>
         <kind>archive</kind>
         <file>rtsv7M4_T_le_v4SPD16_eabi.lib</file>
         <name>copy_decompress_none.obj</name>
      </input_file>
      <input_file id="fl-135">
         <path>C:\css\ccs6\ccsv6\tools\compiler\ti-cgt-arm_5.2.2\lib\</path>
         <kind>archive</kind>
         <file>rtsv7M4_T_le_v4SPD16_eabi.lib</file>
         <name>copy_decompress_rle.obj</name>
      </input_file>
      <input_file id="fl-136">
         <path>C:\css\ccs6\ccsv6\tools\compiler\ti-cgt-arm_5.2.2\lib\</path>
         <kind>archive</kind>
         <file>rtsv7M4_T_le_v4SPD16_eabi.lib</file>
         <name>copy_zero_init.obj</name>
      </input_file>
      <input_file id="fl-137">
         <path>C:\css\ccs6\ccsv6\tools\compiler\ti-cgt-arm_5.2.2\lib\</path>
         <kind>archive</kind>
         <file>rtsv7M4_T_le_v4SPD16_eabi.lib</file>
         <name>defs.obj</name>
      </input_file>
      <input_file id="fl-138">
         <path>C:\css\ccs6\ccsv6\tools\compiler\ti-cgt-arm_5.2.2\lib\</path>
         <kind>archive</kind>
         <file>rtsv7M4_T_le_v4SPD16_eabi.lib</file>
         <name>exit.obj</name>
      </input_file>
      <input_file id="fl-139">
         <path>C:\css\ccs6\ccsv6\tools\compiler\ti-cgt-arm_5.2.2\lib\</path>
         <kind>archive</kind>
         <file>rtsv7M4_T_le_v4SPD16_eabi.lib</file>
         <name>fflush.obj</name>
      </input_file>
      <input_file id="fl-13a">
         <path>C:\css\ccs6\ccsv6\tools\compiler\ti-cgt-arm_5.2.2\lib\</path>
         <kind>archive</kind>
         <file>rtsv7M4_T_le_v4SPD16_eabi.lib</file>
         <name>fputs.obj</name>
      </input_file>
      <input_file id="fl-13b">
         <path>C:\css\ccs6\ccsv6\tools\compiler\ti-cgt-arm_5.2.2\lib\</path>
         <kind>archive</kind>
         <file>rtsv7M4_T_le_v4SPD16_eabi.lib</file>
         <name>lowlev.obj</name>
      </input_file>
      <input_file id="fl-13c">
         <path>C:\css\ccs6\ccsv6\tools\compiler\ti-cgt-arm_5.2.2\lib\</path>
         <kind>archive</kind>
         <file>rtsv7M4_T_le_v4SPD16_eabi.lib</file>
         <name>memchr.obj</name>
      </input_file>
      <input_file id="fl-13d">
         <path>C:\css\ccs6\ccsv6\tools\compiler\ti-cgt-arm_5.2.2\lib\</path>
         <kind>archive</kind>
         <file>rtsv7M4_T_le_v4SPD16_eabi.lib</file>
         <name>memcpy_t2.obj</name>
      </input_file>
      <input_file id="fl-13e">
         <path>C:\css\ccs6\ccsv6\tools\compiler\ti-cgt-arm_5.2.2\lib\</path>
         <kind>archive</kind>
         <file>rtsv7M4_T_le_v4SPD16_eabi.lib</file>
         <name>memset_t2.obj</name>
      </input_file>
      <input_file id="fl-13f">
         <path>C:\css\ccs6\ccsv6\tools\compiler\ti-cgt-arm_5.2.2\lib\</path>
         <kind>archive</kind>
         <file>rtsv7M4_T_le_v4SPD16_eabi.lib</file>
         <name>pre_init.obj</name>
      </input_file>
      <input_file id="fl-140">
         <path>C:\css\ccs6\ccsv6\tools\compiler\ti-cgt-arm_5.2.2\lib\</path>
         <kind>archive</kind>
         <file>rtsv7M4_T_le_v4SPD16_eabi.lib</file>
         <name>stkdepth_vars.obj</name>
      </input_file>
      <input_file id="fl-141">
         <path>C:\css\ccs6\ccsv6\tools\compiler\ti-cgt-arm_5.2.2\lib\</path>
         <kind>archive</kind>
         <file>rtsv7M4_T_le_v4SPD16_eabi.lib</file>
         <name>strchr.obj</name>
      </input_file>
      <input_file id="fl-142">
         <path>C:\css\ccs6\ccsv6\tools\compiler\ti-cgt-arm_5.2.2\lib\</path>
         <kind>archive</kind>
         <file>rtsv7M4_T_le_v4SPD16_eabi.lib</file>
         <name>strcmp.obj</name>
      </input_file>
      <input_file id="fl-143">
         <path>C:\css\ccs6\ccsv6\tools\compiler\ti-cgt-arm_5.2.2\lib\</path>
         <kind>archive</kind>
         <file>rtsv7M4_T_le_v4SPD16_eabi.lib</file>
         <name>strlen.obj</name>
      </input_file>
      <input_file id="fl-144">
         <path>C:\css\ccs6\ccsv6\tools\compiler\ti-cgt-arm_5.2.2\lib\</path>
         <kind>archive</kind>
         <file>rtsv7M4_T_le_v4SPD16_eabi.lib</file>
         <name>strncpy.obj</name>
      </input_file>
      <input_file id="fl-145">
         <path>C:\css\ccs6\ccsv6\tools\compiler\ti-cgt-arm_5.2.2\lib\</path>
         <kind>archive</kind>
         <file>rtsv7M4_T_le_v4SPD16_eabi.lib</file>
         <name>trgdrv.obj</name>
      </input_file>
      <input_file id="fl-146">
         <path>C:\css\ccs6\ccsv6\tools\compiler\ti-cgt-arm_5.2.2\lib\</path>
         <kind>archive</kind>
         <file>rtsv7M4_T_le_v4SPD16_eabi.lib</file>
         <name>trgmsg.obj</name>
      </input_file>
      <input_file id="fl-147">
         <path>C:\css\ccs6\ccsv6\tools\compiler\ti-cgt-arm_5.2.2\lib\</path>
         <kind>archive</kind>
         <file>rtsv7M4_T_le_v4SPD16_eabi.lib</file>
         <name>_io_perm.obj</name>
      </input_file>
      <input_file id="fl-148">
         <path>C:\css\ccs6\ccsv6\tools\compiler\ti-cgt-arm_5.2.2\lib\</path>
         <kind>archive</kind>
         <file>rtsv7M4_T_le_v4SPD16_eabi.lib</file>
         <name>_lock.obj</name>
      </input_file>
      <input_file id="fl-149">
         <path>C:\css\ccs6\ccsv6\tools\compiler\ti-cgt-arm_5.2.2\lib\</path>
         <kind>archive</kind>
         <file>rtsv7M4_T_le_v4SPD16_eabi.lib</file>
         <name>args_main.obj</name>
      </input_file>
      <input_file id="fl-14a">
         <path>C:\css\ccs6\ccsv6\tools\compiler\ti-cgt-arm_5.2.2\lib\</path>
         <kind>archive</kind>
         <file>rtsv7M4_T_le_v4SPD16_eabi.lib</file>
         <name>autoinit.obj</name>
      </input_file>
      <input_file id="fl-14b">
         <path>C:\css\ccs6\ccsv6\tools\compiler\ti-cgt-arm_5.2.2\lib\</path>
         <kind>archive</kind>
         <file>rtsv7M4_T_le_v4SPD16_eabi.lib</file>
         <name>cpy_tbl.obj</name>
      </input_file>
      <input_file id="fl-14c">
         <path>C:\css\ccs6\ccsv6\tools\compiler\ti-cgt-arm_5.2.2\lib\</path>
         <kind>archive</kind>
         <file>rtsv7M4_T_le_v4SPD16_eabi.lib</file>
         <name>fseek.obj</name>
      </input_file>
      <input_file id="fl-14d">
         <path>C:\css\ccs6\ccsv6\tools\compiler\ti-cgt-arm_5.2.2\lib\</path>
         <kind>archive</kind>
         <file>rtsv7M4_T_le_v4SPD16_eabi.lib</file>
         <name>setvbuf.obj</name>
      </input_file>
      <input_file id="fl-14e">
         <path>C:\css\ccs6\ccsv6\tools\compiler\ti-cgt-arm_5.2.2\lib\</path>
         <kind>archive</kind>
         <file>rtsv7M4_T_le_v4SPD16_eabi.lib</file>
         <name>strcpy.obj</name>
      </input_file>
      <input_file id="fl-14f">
         <path>C:\css\ccs6\ccsv6\tools\compiler\ti-cgt-arm_5.2.2\lib\</path>
         <kind>archive</kind>
         <file>rtsv7M4_T_le_v4SPD16_eabi.lib</file>
         <name>fopen.obj</name>
      </input_file>
      <input_file id="fl-150">
         <path>C:\css\ccs6\ccsv6\tools\compiler\ti-cgt-arm_5.2.2\lib\</path>
         <kind>archive</kind>
         <file>rtsv7M4_T_le_v4SPD16_eabi.lib</file>
         <name>memory.obj</name>
      </input_file>
      <input_file id="fl-151">
         <path>C:\css\ccs6\ccsv6\tools\compiler\ti-cgt-arm_5.2.2\lib\</path>
         <kind>archive</kind>
         <file>rtsv7M4_T_le_v4SPD16_eabi.lib</file>
         <name>fclose.obj</name>
      </input_file>
      <input_file id="fl-152">
         <path>C:\css\ccs6\ccsv6\tools\compiler\ti-cgt-arm_5.2.2\lib\</path>
         <kind>archive</kind>
         <file>rtsv7M4_T_le_v4SPD16_eabi.lib</file>
         <name>remove.obj</name>
      </input_file>
      <input_file id="fl-153">
         <path>D:\ti\tivaware1924XL\driverlib\ccs\Debug\</path>
         <kind>archive</kind>
         <file>driverlib.lib</file>
         <name>gpio.obj</name>
      </input_file>
      <input_file id="fl-154">
         <path>D:\ti\tivaware1924XL\driverlib\ccs\Debug\</path>
         <kind>archive</kind>
         <file>driverlib.lib</file>
         <name>interrupt.obj</name>
      </input_file>
      <input_file id="fl-155">
         <path>D:\ti\tivaware1924XL\driverlib\ccs\Debug\</path>
         <kind>archive</kind>
         <file>driverlib.lib</file>
         <name>sysctl.obj</name>
      </input_file>
      <input_file id="fl-156">
         <path>D:\ti\tivaware1924XL\driverlib\ccs\Debug\</path>
         <kind>archive</kind>
         <file>driverlib.lib</file>
         <name>uart.obj</name>
      </input_file>
      <input_file id="fl-157">
         <path>D:\ti\tivaware1924XL\driverlib\ccs\Debug\</path>
         <kind>archive</kind>
         <file>driverlib.lib</file>
         <name>cpu.obj</name>
      </input_file>
   </input_file_list>
   <object_component_list>
      <object_component id="oc-f">
         <name>.intvecs</name>
         <load_address>0x0</load_address>
         <run_address>0x0</run_address>
         <size>0x208</size>
         <input_file_ref idref="fl-b"/>
      </object_component>
      <object_component id="oc-114">
         <name>.text:SysCtlClockFreqSet</name>
         <load_address>0x208</load_address>
         <run_address>0x208</run_address>
         <size>0x204</size>
         <input_file_ref idref="fl-155"/>
      </object_component>
      <object_component id="oc-dc">
         <name>.text</name>
         <load_address>0x40c</load_address>
         <run_address>0x40c</run_address>
         <size>0x174</size>
         <input_file_ref idref="fl-2"/>
      </object_component>
      <object_component id="oc-13d">
         <name>.text:GPIOPadConfigSet</name>
         <load_address>0x580</load_address>
         <run_address>0x580</run_address>
         <size>0x132</size>
         <input_file_ref idref="fl-153"/>
      </object_component>
      <object_component id="oc-e2">
         <name>.text</name>
         <load_address>0x6b4</load_address>
         <run_address>0x6b4</run_address>
         <size>0x100</size>
         <input_file_ref idref="fl-8"/>
      </object_component>
      <object_component id="oc-e8">
         <name>.text</name>
         <load_address>0x7b4</load_address>
         <run_address>0x7b4</run_address>
         <size>0xd8</size>
         <input_file_ref idref="fl-3"/>
      </object_component>
      <object_component id="oc-d6">
         <name>.text</name>
         <load_address>0x88c</load_address>
         <run_address>0x88c</run_address>
         <size>0xa8</size>
         <input_file_ref idref="fl-7"/>
      </object_component>
      <object_component id="oc-36">
         <name>.text</name>
         <load_address>0x934</load_address>
         <run_address>0x934</run_address>
         <size>0x9c</size>
         <input_file_ref idref="fl-13d"/>
      </object_component>
      <object_component id="oc-a4">
         <name>.text</name>
         <load_address>0x9d0</load_address>
         <run_address>0x9d0</run_address>
         <size>0x88</size>
         <input_file_ref idref="fl-a"/>
      </object_component>
      <object_component id="oc-4f">
         <name>.text</name>
         <load_address>0xa58</load_address>
         <run_address>0xa58</run_address>
         <size>0x7a</size>
         <input_file_ref idref="fl-13e"/>
      </object_component>
      <object_component id="oc-61">
         <name>.text</name>
         <load_address>0xad4</load_address>
         <run_address>0xad4</run_address>
         <size>0x6c</size>
         <input_file_ref idref="fl-14a"/>
      </object_component>
      <object_component id="oc-42">
         <name>.text</name>
         <load_address>0xb40</load_address>
         <run_address>0xb40</run_address>
         <size>0x6a</size>
         <input_file_ref idref="fl-135"/>
      </object_component>
      <object_component id="oc-ee">
         <name>.text</name>
         <load_address>0xbac</load_address>
         <run_address>0xbac</run_address>
         <size>0x60</size>
         <input_file_ref idref="fl-6"/>
      </object_component>
      <object_component id="oc-24">
         <name>.text</name>
         <load_address>0xc0c</load_address>
         <run_address>0xc0c</run_address>
         <size>0x50</size>
         <input_file_ref idref="fl-133"/>
      </object_component>
      <object_component id="oc-9c">
         <name>.text</name>
         <load_address>0xc5c</load_address>
         <run_address>0xc5c</run_address>
         <size>0x4c</size>
         <input_file_ref idref="fl-14b"/>
      </object_component>
      <object_component id="oc-11a">
         <name>.text:GPIOPinConfigure</name>
         <load_address>0xca8</load_address>
         <run_address>0xca8</run_address>
         <size>0x48</size>
         <input_file_ref idref="fl-153"/>
      </object_component>
      <object_component id="oc-15e">
         <name>.text:_SysCtlFrequencyGet</name>
         <load_address>0xcf0</load_address>
         <run_address>0xcf0</run_address>
         <size>0x48</size>
         <input_file_ref idref="fl-155"/>
      </object_component>
      <object_component id="oc-6d">
         <name>.text</name>
         <load_address>0xd38</load_address>
         <run_address>0xd38</run_address>
         <size>0x44</size>
         <input_file_ref idref="fl-138"/>
      </object_component>
      <object_component id="oc-158">
         <name>.text:_SysCtlMemTimingGet</name>
         <load_address>0xd7c</load_address>
         <run_address>0xd7c</run_address>
         <size>0x20</size>
         <input_file_ref idref="fl-155"/>
      </object_component>
      <object_component id="oc-67">
         <name>.text</name>
         <load_address>0xd9c</load_address>
         <run_address>0xd9c</run_address>
         <size>0x18</size>
         <input_file_ref idref="fl-149"/>
      </object_component>
      <object_component id="oc-ff">
         <name>.text</name>
         <load_address>0xdb4</load_address>
         <run_address>0xdb4</run_address>
         <size>0x14</size>
         <input_file_ref idref="fl-148"/>
      </object_component>
      <object_component id="oc-12">
         <name>.text:decompress:none</name>
         <load_address>0xdc8</load_address>
         <run_address>0xdc8</run_address>
         <size>0xe</size>
         <input_file_ref idref="fl-134"/>
      </object_component>
      <object_component id="oc-1e">
         <name>.text:decompress:ZI</name>
         <load_address>0xdd6</load_address>
         <run_address>0xdd6</run_address>
         <size>0xc</size>
         <input_file_ref idref="fl-136"/>
      </object_component>
      <object_component id="oc-2d">
         <name>.text</name>
         <load_address>0xde2</load_address>
         <run_address>0xde2</run_address>
         <size>0xc</size>
         <input_file_ref idref="fl-b"/>
      </object_component>
      <object_component id="oc-12a">
         <name>.text:UARTCharGet</name>
         <load_address>0xdee</load_address>
         <run_address>0xdee</run_address>
         <size>0xa</size>
         <input_file_ref idref="fl-156"/>
      </object_component>
      <object_component id="oc-124">
         <name>.text:UARTCharPut</name>
         <load_address>0xdf8</load_address>
         <run_address>0xdf8</run_address>
         <size>0xa</size>
         <input_file_ref idref="fl-156"/>
      </object_component>
      <object_component id="oc-18">
         <name>.text:decompress:rle24</name>
         <load_address>0xe02</load_address>
         <run_address>0xe02</run_address>
         <size>0x6</size>
         <input_file_ref idref="fl-135"/>
      </object_component>
      <object_component id="oc-5b">
         <name>.text</name>
         <load_address>0xe08</load_address>
         <run_address>0xe08</run_address>
         <size>0x4</size>
         <input_file_ref idref="fl-13f"/>
      </object_component>
      <object_component id="oc-167">
         <name>.const:g_pppui32XTALtoVCO</name>
         <load_address>0xe0c</load_address>
         <run_address>0xe0c</run_address>
         <size>0x120</size>
         <input_file_ref idref="fl-155"/>
      </object_component>
      <object_component id="oc-16f">
         <name>.const:g_pui32GPIOBaseAddrs</name>
         <load_address>0xf2c</load_address>
         <run_address>0xf2c</run_address>
         <size>0x90</size>
         <input_file_ref idref="fl-153"/>
      </object_component>
      <object_component id="oc-164">
         <name>.const:g_pui32Xtals</name>
         <load_address>0xfbc</load_address>
         <run_address>0xfbc</run_address>
         <size>0x6c</size>
         <input_file_ref idref="fl-155"/>
      </object_component>
      <object_component id="oc-191">
         <name>.const:g_sXTALtoMEMTIM</name>
         <load_address>0x1028</load_address>
         <run_address>0x1028</run_address>
         <size>0x30</size>
         <input_file_ref idref="fl-155"/>
      </object_component>
      <object_component id="oc-148">
         <name>.const:.string</name>
         <load_address>0x1058</load_address>
         <run_address>0x1058</run_address>
         <size>0x15</size>
         <input_file_ref idref="fl-3"/>
      </object_component>
      <object_component id="oc-16a">
         <name>.const</name>
         <load_address>0x1070</load_address>
         <run_address>0x1070</run_address>
         <size>0x8</size>
         <input_file_ref idref="fl-155"/>
      </object_component>
      <object_component id="oc-1ce">
         <name>.cinit..data.load</name>
         <load_address>0x1078</load_address>
         <run_address>0x1078</run_address>
         <size>0x36</size>
      </object_component>
      <object_component id="oc-1cc">
         <name>__TI_handler_table</name>
         <load_address>0x10b0</load_address>
         <run_address>0x10b0</run_address>
         <size>0xc</size>
      </object_component>
      <object_component id="oc-1cf">
         <name>.cinit..bss.load</name>
         <load_address>0x10c0</load_address>
         <run_address>0x10c0</run_address>
         <size>0x8</size>
      </object_component>
      <object_component id="oc-1cd">
         <name>__TI_cinit_table</name>
         <load_address>0x10c8</load_address>
         <run_address>0x10c8</run_address>
         <size>0x10</size>
      </object_component>
      <object_component id="oc-2a">
         <name>.sysmem</name>
         <uninitialized>true</uninitialized>
         <run_address>0x20000370</run_address>
         <size>0x8</size>
         <input_file_ref idref="fl-150"/>
      </object_component>
      <object_component id="oc-1d1">
         <name>.sysmem</name>
         <uninitialized>true</uninitialized>
         <run_address>0x20000370</run_address>
         <size>0x0</size>
      </object_component>
      <object_component id="oc-29">
         <name>.stack</name>
         <uninitialized>true</uninitialized>
         <run_address>0x20000000</run_address>
         <size>0x0</size>
         <input_file_ref idref="fl-133"/>
      </object_component>
      <object_component id="oc-1d0">
         <name>.stack</name>
         <uninitialized>true</uninitialized>
         <run_address>0x20000000</run_address>
         <size>0x0</size>
      </object_component>
      <object_component id="oc-139">
         <name>.bss:rxBuf</name>
         <uninitialized>true</uninitialized>
         <run_address>0x20000200</run_address>
         <size>0x80</size>
         <input_file_ref idref="fl-2"/>
      </object_component>
      <object_component id="oc-136">
         <name>.bss:txBuf</name>
         <uninitialized>true</uninitialized>
         <run_address>0x20000280</run_address>
         <size>0x80</size>
         <input_file_ref idref="fl-2"/>
      </object_component>
      <object_component id="oc-130">
         <name>.common:rxBuf_in</name>
         <uninitialized>true</uninitialized>
         <run_address>0x20000320</run_address>
         <size>0x4</size>
      </object_component>
      <object_component id="oc-133">
         <name>.common:rxBuf_out</name>
         <uninitialized>true</uninitialized>
         <run_address>0x20000324</run_address>
         <size>0x4</size>
      </object_component>
      <object_component id="oc-134">
         <name>.common:txBuf_in</name>
         <uninitialized>true</uninitialized>
         <run_address>0x20000328</run_address>
         <size>0x4</size>
      </object_component>
      <object_component id="oc-135">
         <name>.common:txBuf_out</name>
         <uninitialized>true</uninitialized>
         <run_address>0x2000032c</run_address>
         <size>0x4</size>
      </object_component>
      <object_component id="oc-14b">
         <name>.common:cimi</name>
         <uninitialized>true</uninitialized>
         <run_address>0x20000300</run_address>
         <size>0x1c</size>
      </object_component>
      <object_component id="oc-120">
         <name>.common:g_ui32SysClock</name>
         <uninitialized>true</uninitialized>
         <run_address>0x2000031c</run_address>
         <size>0x4</size>
      </object_component>
      <object_component id="oc-143">
         <name>.data</name>
         <load_address>0x20000368</load_address>
         <run_address>0x20000368</run_address>
         <size>0x3</size>
         <input_file_ref idref="fl-8"/>
      </object_component>
      <object_component id="oc-f4">
         <name>.data</name>
         <load_address>0x20000330</load_address>
         <run_address>0x20000330</run_address>
         <size>0x24</size>
         <input_file_ref idref="fl-a"/>
      </object_component>
      <object_component id="oc-af">
         <name>.data</name>
         <load_address>0x2000035c</load_address>
         <run_address>0x2000035c</run_address>
         <size>0x8</size>
         <input_file_ref idref="fl-138"/>
      </object_component>
      <object_component id="oc-73">
         <name>.data</name>
         <load_address>0x20000364</load_address>
         <run_address>0x20000364</run_address>
         <size>0x4</size>
         <input_file_ref idref="fl-140"/>
      </object_component>
      <object_component id="oc-ac">
         <name>.data</name>
         <load_address>0x20000354</load_address>
         <run_address>0x20000354</run_address>
         <size>0x8</size>
         <input_file_ref idref="fl-148"/>
      </object_component>
      <object_component id="oc-131">
         <name>.debug_info</name>
         <load_address>0x0</load_address>
         <run_address>0x0</run_address>
         <size>0x190</size>
         <input_file_ref idref="fl-2"/>
      </object_component>
      <object_component id="oc-13a">
         <name>.debug_info</name>
         <load_address>0x190</load_address>
         <run_address>0x190</run_address>
         <size>0xb0</size>
         <input_file_ref idref="fl-2"/>
      </object_component>
      <object_component id="oc-137">
         <name>.debug_info</name>
         <load_address>0x240</load_address>
         <run_address>0x240</run_address>
         <size>0xb0</size>
         <input_file_ref idref="fl-2"/>
      </object_component>
      <object_component id="oc-dd">
         <name>.debug_info</name>
         <load_address>0x2f0</load_address>
         <run_address>0x2f0</run_address>
         <size>0x2ba</size>
         <input_file_ref idref="fl-2"/>
      </object_component>
      <object_component id="oc-c3">
         <name>.debug_info</name>
         <load_address>0x5aa</load_address>
         <run_address>0x5aa</run_address>
         <size>0x8b</size>
         <input_file_ref idref="fl-2"/>
      </object_component>
      <object_component id="oc-83">
         <name>.debug_info</name>
         <load_address>0x635</load_address>
         <run_address>0x635</run_address>
         <size>0x18b</size>
         <input_file_ref idref="fl-2"/>
      </object_component>
      <object_component id="oc-14c">
         <name>.debug_info</name>
         <load_address>0x7c0</load_address>
         <run_address>0x7c0</run_address>
         <size>0x106</size>
         <input_file_ref idref="fl-3"/>
      </object_component>
      <object_component id="oc-149">
         <name>.debug_info</name>
         <load_address>0x8c6</load_address>
         <run_address>0x8c6</run_address>
         <size>0xb1</size>
         <input_file_ref idref="fl-3"/>
      </object_component>
      <object_component id="oc-e9">
         <name>.debug_info</name>
         <load_address>0x977</load_address>
         <run_address>0x977</run_address>
         <size>0x297</size>
         <input_file_ref idref="fl-3"/>
      </object_component>
      <object_component id="oc-188">
         <name>.debug_info</name>
         <load_address>0xc0e</load_address>
         <run_address>0xc0e</run_address>
         <size>0x126</size>
         <input_file_ref idref="fl-3"/>
      </object_component>
      <object_component id="oc-7e">
         <name>.debug_info</name>
         <load_address>0xd34</load_address>
         <run_address>0xd34</run_address>
         <size>0x84</size>
         <input_file_ref idref="fl-3"/>
      </object_component>
      <object_component id="oc-152">
         <name>.debug_info</name>
         <load_address>0xdb8</load_address>
         <run_address>0xdb8</run_address>
         <size>0xd9</size>
         <input_file_ref idref="fl-6"/>
      </object_component>
      <object_component id="oc-ef">
         <name>.debug_info</name>
         <load_address>0xe91</load_address>
         <run_address>0xe91</run_address>
         <size>0x22f</size>
         <input_file_ref idref="fl-6"/>
      </object_component>
      <object_component id="oc-121">
         <name>.debug_info</name>
         <load_address>0x10c0</load_address>
         <run_address>0x10c0</run_address>
         <size>0x13e</size>
         <input_file_ref idref="fl-7"/>
      </object_component>
      <object_component id="oc-d7">
         <name>.debug_info</name>
         <load_address>0x11fe</load_address>
         <run_address>0x11fe</run_address>
         <size>0x15e</size>
         <input_file_ref idref="fl-7"/>
      </object_component>
      <object_component id="oc-147">
         <name>.debug_info</name>
         <load_address>0x135c</load_address>
         <run_address>0x135c</run_address>
         <size>0xe5</size>
         <input_file_ref idref="fl-8"/>
      </object_component>
      <object_component id="oc-144">
         <name>.debug_info</name>
         <load_address>0x1441</load_address>
         <run_address>0x1441</run_address>
         <size>0xc4</size>
         <input_file_ref idref="fl-8"/>
      </object_component>
      <object_component id="oc-e3">
         <name>.debug_info</name>
         <load_address>0x1505</load_address>
         <run_address>0x1505</run_address>
         <size>0x279</size>
         <input_file_ref idref="fl-8"/>
      </object_component>
      <object_component id="oc-14e">
         <name>.debug_info</name>
         <load_address>0x177e</load_address>
         <run_address>0x177e</run_address>
         <size>0x1b3</size>
         <input_file_ref idref="fl-a"/>
      </object_component>
      <object_component id="oc-f5">
         <name>.debug_info</name>
         <load_address>0x1931</load_address>
         <run_address>0x1931</run_address>
         <size>0xe3</size>
         <input_file_ref idref="fl-a"/>
      </object_component>
      <object_component id="oc-a5">
         <name>.debug_info</name>
         <load_address>0x1a14</load_address>
         <run_address>0x1a14</run_address>
         <size>0x18c</size>
         <input_file_ref idref="fl-a"/>
      </object_component>
      <object_component id="oc-35">
         <name>.debug_info</name>
         <load_address>0x1ba0</load_address>
         <run_address>0x1ba0</run_address>
         <size>0xe8</size>
         <input_file_ref idref="fl-b"/>
      </object_component>
      <object_component id="oc-10">
         <name>.debug_info</name>
         <load_address>0x1c88</load_address>
         <run_address>0x1c88</run_address>
         <size>0xcd</size>
         <input_file_ref idref="fl-b"/>
      </object_component>
      <object_component id="oc-2e">
         <name>.debug_info</name>
         <load_address>0x1d55</load_address>
         <run_address>0x1d55</run_address>
         <size>0x24c</size>
         <input_file_ref idref="fl-b"/>
      </object_component>
      <object_component id="oc-27">
         <name>.debug_info</name>
         <load_address>0x1fa1</load_address>
         <run_address>0x1fa1</run_address>
         <size>0x138</size>
         <input_file_ref idref="fl-133"/>
      </object_component>
      <object_component id="oc-41">
         <name>.debug_info</name>
         <load_address>0x20d9</load_address>
         <run_address>0x20d9</run_address>
         <size>0x123</size>
         <input_file_ref idref="fl-134"/>
      </object_component>
      <object_component id="oc-15">
         <name>.debug_info</name>
         <load_address>0x21fc</load_address>
         <run_address>0x21fc</run_address>
         <size>0x1c2</size>
         <input_file_ref idref="fl-134"/>
      </object_component>
      <object_component id="oc-3c">
         <name>.debug_info</name>
         <load_address>0x23be</load_address>
         <run_address>0x23be</run_address>
         <size>0x46</size>
         <input_file_ref idref="fl-134"/>
      </object_component>
      <object_component id="oc-89">
         <name>.debug_info</name>
         <load_address>0x2404</load_address>
         <run_address>0x2404</run_address>
         <size>0x2c</size>
         <input_file_ref idref="fl-134"/>
      </object_component>
      <object_component id="oc-49">
         <name>.debug_info</name>
         <load_address>0x2430</load_address>
         <run_address>0x2430</run_address>
         <size>0x117</size>
         <input_file_ref idref="fl-135"/>
      </object_component>
      <object_component id="oc-43">
         <name>.debug_info</name>
         <load_address>0x2547</load_address>
         <run_address>0x2547</run_address>
         <size>0x22a</size>
         <input_file_ref idref="fl-135"/>
      </object_component>
      <object_component id="oc-1a">
         <name>.debug_info</name>
         <load_address>0x2771</load_address>
         <run_address>0x2771</run_address>
         <size>0x1bc</size>
         <input_file_ref idref="fl-135"/>
      </object_component>
      <object_component id="oc-4a">
         <name>.debug_info</name>
         <load_address>0x292d</load_address>
         <run_address>0x292d</run_address>
         <size>0x39</size>
         <input_file_ref idref="fl-135"/>
      </object_component>
      <object_component id="oc-93">
         <name>.debug_info</name>
         <load_address>0x2966</load_address>
         <run_address>0x2966</run_address>
         <size>0x2c</size>
         <input_file_ref idref="fl-135"/>
      </object_component>
      <object_component id="oc-5a">
         <name>.debug_info</name>
         <load_address>0x2992</load_address>
         <run_address>0x2992</run_address>
         <size>0x112</size>
         <input_file_ref idref="fl-136"/>
      </object_component>
      <object_component id="oc-20">
         <name>.debug_info</name>
         <load_address>0x2aa4</load_address>
         <run_address>0x2aa4</run_address>
         <size>0x18d</size>
         <input_file_ref idref="fl-136"/>
      </object_component>
      <object_component id="oc-55">
         <name>.debug_info</name>
         <load_address>0x2c31</load_address>
         <run_address>0x2c31</run_address>
         <size>0x46</size>
         <input_file_ref idref="fl-136"/>
      </object_component>
      <object_component id="oc-b3">
         <name>.debug_info</name>
         <load_address>0x2c77</load_address>
         <run_address>0x2c77</run_address>
         <size>0x174</size>
         <input_file_ref idref="fl-138"/>
      </object_component>
      <object_component id="oc-b0">
         <name>.debug_info</name>
         <load_address>0x2deb</load_address>
         <run_address>0x2deb</run_address>
         <size>0x119</size>
         <input_file_ref idref="fl-138"/>
      </object_component>
      <object_component id="oc-6e">
         <name>.debug_info</name>
         <load_address>0x2f04</load_address>
         <run_address>0x2f04</run_address>
         <size>0x1f0</size>
         <input_file_ref idref="fl-138"/>
      </object_component>
      <object_component id="oc-38">
         <name>.debug_info</name>
         <load_address>0x30f4</load_address>
         <run_address>0x30f4</run_address>
         <size>0xfa</size>
         <input_file_ref idref="fl-13d"/>
      </object_component>
      <object_component id="oc-50">
         <name>.debug_info</name>
         <load_address>0x31ee</load_address>
         <run_address>0x31ee</run_address>
         <size>0x12a</size>
         <input_file_ref idref="fl-13e"/>
      </object_component>
      <object_component id="oc-5c">
         <name>.debug_info</name>
         <load_address>0x3318</load_address>
         <run_address>0x3318</run_address>
         <size>0x12b</size>
         <input_file_ref idref="fl-13f"/>
      </object_component>
      <object_component id="oc-74">
         <name>.debug_info</name>
         <load_address>0x3443</load_address>
         <run_address>0x3443</run_address>
         <size>0xec</size>
         <input_file_ref idref="fl-140"/>
      </object_component>
      <object_component id="oc-107">
         <name>.debug_info</name>
         <load_address>0x352f</load_address>
         <run_address>0x352f</run_address>
         <size>0x107</size>
         <input_file_ref idref="fl-148"/>
      </object_component>
      <object_component id="oc-ad">
         <name>.debug_info</name>
         <load_address>0x3636</load_address>
         <run_address>0x3636</run_address>
         <size>0xf6</size>
         <input_file_ref idref="fl-148"/>
      </object_component>
      <object_component id="oc-100">
         <name>.debug_info</name>
         <load_address>0x372c</load_address>
         <run_address>0x372c</run_address>
         <size>0x202</size>
         <input_file_ref idref="fl-148"/>
      </object_component>
      <object_component id="oc-ab">
         <name>.debug_info</name>
         <load_address>0x392e</load_address>
         <run_address>0x392e</run_address>
         <size>0x149</size>
         <input_file_ref idref="fl-149"/>
      </object_component>
      <object_component id="oc-68">
         <name>.debug_info</name>
         <load_address>0x3a77</load_address>
         <run_address>0x3a77</run_address>
         <size>0x14a</size>
         <input_file_ref idref="fl-149"/>
      </object_component>
      <object_component id="oc-fa">
         <name>.debug_info</name>
         <load_address>0x3bc1</load_address>
         <run_address>0x3bc1</run_address>
         <size>0x5e</size>
         <input_file_ref idref="fl-149"/>
      </object_component>
      <object_component id="oc-a3">
         <name>.debug_info</name>
         <load_address>0x3c1f</load_address>
         <run_address>0x3c1f</run_address>
         <size>0x2a0</size>
         <input_file_ref idref="fl-14a"/>
      </object_component>
      <object_component id="oc-62">
         <name>.debug_info</name>
         <load_address>0x3ebf</load_address>
         <run_address>0x3ebf</run_address>
         <size>0x15a</size>
         <input_file_ref idref="fl-14a"/>
      </object_component>
      <object_component id="oc-cc">
         <name>.debug_info</name>
         <load_address>0x4019</load_address>
         <run_address>0x4019</run_address>
         <size>0x39</size>
         <input_file_ref idref="fl-14a"/>
      </object_component>
      <object_component id="oc-d1">
         <name>.debug_info</name>
         <load_address>0x4052</load_address>
         <run_address>0x4052</run_address>
         <size>0xcd</size>
         <input_file_ref idref="fl-14a"/>
      </object_component>
      <object_component id="oc-c9">
         <name>.debug_info</name>
         <load_address>0x411f</load_address>
         <run_address>0x411f</run_address>
         <size>0x1c3</size>
         <input_file_ref idref="fl-14b"/>
      </object_component>
      <object_component id="oc-9d">
         <name>.debug_info</name>
         <load_address>0x42e2</load_address>
         <run_address>0x42e2</run_address>
         <size>0x17f</size>
         <input_file_ref idref="fl-14b"/>
      </object_component>
      <object_component id="oc-10f">
         <name>.debug_info</name>
         <load_address>0x4461</load_address>
         <run_address>0x4461</run_address>
         <size>0x2c</size>
         <input_file_ref idref="fl-14b"/>
      </object_component>
      <object_component id="oc-b9">
         <name>.debug_info</name>
         <load_address>0x448d</load_address>
         <run_address>0x448d</run_address>
         <size>0x2c</size>
         <input_file_ref idref="fl-14f"/>
      </object_component>
      <object_component id="oc-79">
         <name>.debug_info</name>
         <load_address>0x44b9</load_address>
         <run_address>0x44b9</run_address>
         <size>0x205</size>
         <input_file_ref idref="fl-150"/>
      </object_component>
      <object_component id="oc-2b">
         <name>.debug_info</name>
         <load_address>0x46be</load_address>
         <run_address>0x46be</run_address>
         <size>0xe4</size>
         <input_file_ref idref="fl-150"/>
      </object_component>
      <object_component id="oc-be">
         <name>.debug_info</name>
         <load_address>0x47a2</load_address>
         <run_address>0x47a2</run_address>
         <size>0x62</size>
         <input_file_ref idref="fl-150"/>
      </object_component>
      <object_component id="oc-173">
         <name>.debug_info</name>
         <load_address>0x4804</load_address>
         <run_address>0x4804</run_address>
         <size>0x1c8</size>
         <input_file_ref idref="fl-153"/>
      </object_component>
      <object_component id="oc-170">
         <name>.debug_info</name>
         <load_address>0x49cc</load_address>
         <run_address>0x49cc</run_address>
         <size>0xf3</size>
         <input_file_ref idref="fl-153"/>
      </object_component>
      <object_component id="oc-13e">
         <name>.debug_info</name>
         <load_address>0x4abf</load_address>
         <run_address>0x4abf</run_address>
         <size>0x246</size>
         <input_file_ref idref="fl-153"/>
      </object_component>
      <object_component id="oc-11b">
         <name>.debug_info</name>
         <load_address>0x4d05</load_address>
         <run_address>0x4d05</run_address>
         <size>0x1b0</size>
         <input_file_ref idref="fl-153"/>
      </object_component>
      <object_component id="oc-16e">
         <name>.debug_info</name>
         <load_address>0x4eb5</load_address>
         <run_address>0x4eb5</run_address>
         <size>0x217</size>
         <input_file_ref idref="fl-155"/>
      </object_component>
      <object_component id="oc-165">
         <name>.debug_info</name>
         <load_address>0x50cc</load_address>
         <run_address>0x50cc</run_address>
         <size>0xe5</size>
         <input_file_ref idref="fl-155"/>
      </object_component>
      <object_component id="oc-168">
         <name>.debug_info</name>
         <load_address>0x51b1</load_address>
         <run_address>0x51b1</run_address>
         <size>0xf1</size>
         <input_file_ref idref="fl-155"/>
      </object_component>
      <object_component id="oc-192">
         <name>.debug_info</name>
         <load_address>0x52a2</load_address>
         <run_address>0x52a2</run_address>
         <size>0xeb</size>
         <input_file_ref idref="fl-155"/>
      </object_component>
      <object_component id="oc-16b">
         <name>.debug_info</name>
         <load_address>0x538d</load_address>
         <run_address>0x538d</run_address>
         <size>0xf8</size>
         <input_file_ref idref="fl-155"/>
      </object_component>
      <object_component id="oc-159">
         <name>.debug_info</name>
         <load_address>0x5485</load_address>
         <run_address>0x5485</run_address>
         <size>0x1a0</size>
         <input_file_ref idref="fl-155"/>
      </object_component>
      <object_component id="oc-15f">
         <name>.debug_info</name>
         <load_address>0x5625</load_address>
         <run_address>0x5625</run_address>
         <size>0x1ea</size>
         <input_file_ref idref="fl-155"/>
      </object_component>
      <object_component id="oc-115">
         <name>.debug_info</name>
         <load_address>0x580f</load_address>
         <run_address>0x580f</run_address>
         <size>0x3ff</size>
         <input_file_ref idref="fl-155"/>
      </object_component>
      <object_component id="oc-19e">
         <name>.debug_info</name>
         <load_address>0x5c0e</load_address>
         <run_address>0x5c0e</run_address>
         <size>0x5f</size>
         <input_file_ref idref="fl-155"/>
      </object_component>
      <object_component id="oc-177">
         <name>.debug_info</name>
         <load_address>0x5c6d</load_address>
         <run_address>0x5c6d</run_address>
         <size>0x1bf</size>
         <input_file_ref idref="fl-156"/>
      </object_component>
      <object_component id="oc-125">
         <name>.debug_info</name>
         <load_address>0x5e2c</load_address>
         <run_address>0x5e2c</run_address>
         <size>0x1a3</size>
         <input_file_ref idref="fl-156"/>
      </object_component>
      <object_component id="oc-12b">
         <name>.debug_info</name>
         <load_address>0x5fcf</load_address>
         <run_address>0x5fcf</run_address>
         <size>0x17d</size>
         <input_file_ref idref="fl-156"/>
      </object_component>
      <object_component id="oc-1d2">
         <name>.debug_info</name>
         <load_address>0x614c</load_address>
         <run_address>0x614c</run_address>
         <size>0x86</size>
      </object_component>
      <object_component id="oc-17a">
         <name>.debug_line</name>
         <load_address>0x0</load_address>
         <run_address>0x0</run_address>
         <size>0x5c</size>
         <input_file_ref idref="fl-2"/>
      </object_component>
      <object_component id="oc-17e">
         <name>.debug_line</name>
         <load_address>0x5c</load_address>
         <run_address>0x5c</run_address>
         <size>0x33</size>
         <input_file_ref idref="fl-2"/>
      </object_component>
      <object_component id="oc-17c">
         <name>.debug_line</name>
         <load_address>0x8f</load_address>
         <run_address>0x8f</run_address>
         <size>0x33</size>
         <input_file_ref idref="fl-2"/>
      </object_component>
      <object_component id="oc-e0">
         <name>.debug_line</name>
         <load_address>0xc2</load_address>
         <run_address>0xc2</run_address>
         <size>0xe4</size>
         <input_file_ref idref="fl-2"/>
      </object_component>
      <object_component id="oc-c6">
         <name>.debug_line</name>
         <load_address>0x1a6</load_address>
         <run_address>0x1a6</run_address>
         <size>0x20</size>
         <input_file_ref idref="fl-2"/>
      </object_component>
      <object_component id="oc-86">
         <name>.debug_line</name>
         <load_address>0x1c6</load_address>
         <run_address>0x1c6</run_address>
         <size>0x66</size>
         <input_file_ref idref="fl-2"/>
      </object_component>
      <object_component id="oc-187">
         <name>.debug_line</name>
         <load_address>0x22c</load_address>
         <run_address>0x22c</run_address>
         <size>0x3e</size>
         <input_file_ref idref="fl-3"/>
      </object_component>
      <object_component id="oc-185">
         <name>.debug_line</name>
         <load_address>0x26a</load_address>
         <run_address>0x26a</run_address>
         <size>0x31</size>
         <input_file_ref idref="fl-3"/>
      </object_component>
      <object_component id="oc-ec">
         <name>.debug_line</name>
         <load_address>0x29b</load_address>
         <run_address>0x29b</run_address>
         <size>0x9a</size>
         <input_file_ref idref="fl-3"/>
      </object_component>
      <object_component id="oc-18b">
         <name>.debug_line</name>
         <load_address>0x335</load_address>
         <run_address>0x335</run_address>
         <size>0x31</size>
         <input_file_ref idref="fl-3"/>
      </object_component>
      <object_component id="oc-81">
         <name>.debug_line</name>
         <load_address>0x366</load_address>
         <run_address>0x366</run_address>
         <size>0x20</size>
         <input_file_ref idref="fl-3"/>
      </object_component>
      <object_component id="oc-190">
         <name>.debug_line</name>
         <load_address>0x386</load_address>
         <run_address>0x386</run_address>
         <size>0x49</size>
         <input_file_ref idref="fl-6"/>
      </object_component>
      <object_component id="oc-f2">
         <name>.debug_line</name>
         <load_address>0x3cf</load_address>
         <run_address>0x3cf</run_address>
         <size>0x67</size>
         <input_file_ref idref="fl-6"/>
      </object_component>
      <object_component id="oc-175">
         <name>.debug_line</name>
         <load_address>0x436</load_address>
         <run_address>0x436</run_address>
         <size>0x85</size>
         <input_file_ref idref="fl-7"/>
      </object_component>
      <object_component id="oc-da">
         <name>.debug_line</name>
         <load_address>0x4bb</load_address>
         <run_address>0x4bb</run_address>
         <size>0x51</size>
         <input_file_ref idref="fl-7"/>
      </object_component>
      <object_component id="oc-183">
         <name>.debug_line</name>
         <load_address>0x50c</load_address>
         <run_address>0x50c</run_address>
         <size>0x49</size>
         <input_file_ref idref="fl-8"/>
      </object_component>
      <object_component id="oc-181">
         <name>.debug_line</name>
         <load_address>0x555</load_address>
         <run_address>0x555</run_address>
         <size>0x30</size>
         <input_file_ref idref="fl-8"/>
      </object_component>
      <object_component id="oc-e6">
         <name>.debug_line</name>
         <load_address>0x585</load_address>
         <run_address>0x585</run_address>
         <size>0x7b</size>
         <input_file_ref idref="fl-8"/>
      </object_component>
      <object_component id="oc-18e">
         <name>.debug_line</name>
         <load_address>0x600</load_address>
         <run_address>0x600</run_address>
         <size>0x72</size>
         <input_file_ref idref="fl-a"/>
      </object_component>
      <object_component id="oc-154">
         <name>.debug_line</name>
         <load_address>0x672</load_address>
         <run_address>0x672</run_address>
         <size>0x2d</size>
         <input_file_ref idref="fl-a"/>
      </object_component>
      <object_component id="oc-a8">
         <name>.debug_line</name>
         <load_address>0x69f</load_address>
         <run_address>0x69f</run_address>
         <size>0x6b</size>
         <input_file_ref idref="fl-a"/>
      </object_component>
      <object_component id="oc-7d">
         <name>.debug_line</name>
         <load_address>0x70a</load_address>
         <run_address>0x70a</run_address>
         <size>0x42</size>
         <input_file_ref idref="fl-b"/>
      </object_component>
      <object_component id="oc-34">
         <name>.debug_line</name>
         <load_address>0x74c</load_address>
         <run_address>0x74c</run_address>
         <size>0x42</size>
         <input_file_ref idref="fl-b"/>
      </object_component>
      <object_component id="oc-31">
         <name>.debug_line</name>
         <load_address>0x78e</load_address>
         <run_address>0x78e</run_address>
         <size>0xa2</size>
         <input_file_ref idref="fl-b"/>
      </object_component>
      <object_component id="oc-25">
         <name>.debug_line</name>
         <load_address>0x830</load_address>
         <run_address>0x830</run_address>
         <size>0x52</size>
         <input_file_ref idref="fl-133"/>
      </object_component>
      <object_component id="oc-8f">
         <name>.debug_line</name>
         <load_address>0x882</load_address>
         <run_address>0x882</run_address>
         <size>0x72</size>
         <input_file_ref idref="fl-134"/>
      </object_component>
      <object_component id="oc-14">
         <name>.debug_line</name>
         <load_address>0x8f4</load_address>
         <run_address>0x8f4</run_address>
         <size>0x55</size>
         <input_file_ref idref="fl-134"/>
      </object_component>
      <object_component id="oc-3f">
         <name>.debug_line</name>
         <load_address>0x949</load_address>
         <run_address>0x949</run_address>
         <size>0x3a</size>
         <input_file_ref idref="fl-134"/>
      </object_component>
      <object_component id="oc-8c">
         <name>.debug_line</name>
         <load_address>0x983</load_address>
         <run_address>0x983</run_address>
         <size>0x72</size>
         <input_file_ref idref="fl-134"/>
      </object_component>
      <object_component id="oc-92">
         <name>.debug_line</name>
         <load_address>0x9f5</load_address>
         <run_address>0x9f5</run_address>
         <size>0x72</size>
         <input_file_ref idref="fl-135"/>
      </object_component>
      <object_component id="oc-46">
         <name>.debug_line</name>
         <load_address>0xa67</load_address>
         <run_address>0xa67</run_address>
         <size>0x98</size>
         <input_file_ref idref="fl-135"/>
      </object_component>
      <object_component id="oc-19">
         <name>.debug_line</name>
         <load_address>0xaff</load_address>
         <run_address>0xaff</run_address>
         <size>0x4b</size>
         <input_file_ref idref="fl-135"/>
      </object_component>
      <object_component id="oc-4d">
         <name>.debug_line</name>
         <load_address>0xb4a</load_address>
         <run_address>0xb4a</run_address>
         <size>0x39</size>
         <input_file_ref idref="fl-135"/>
      </object_component>
      <object_component id="oc-96">
         <name>.debug_line</name>
         <load_address>0xb83</load_address>
         <run_address>0xb83</run_address>
         <size>0x72</size>
         <input_file_ref idref="fl-135"/>
      </object_component>
      <object_component id="oc-9a">
         <name>.debug_line</name>
         <load_address>0xbf5</load_address>
         <run_address>0xbf5</run_address>
         <size>0x72</size>
         <input_file_ref idref="fl-136"/>
      </object_component>
      <object_component id="oc-1f">
         <name>.debug_line</name>
         <load_address>0xc67</load_address>
         <run_address>0xc67</run_address>
         <size>0x4f</size>
         <input_file_ref idref="fl-136"/>
      </object_component>
      <object_component id="oc-58">
         <name>.debug_line</name>
         <load_address>0xcb6</load_address>
         <run_address>0xcb6</run_address>
         <size>0x34</size>
         <input_file_ref idref="fl-136"/>
      </object_component>
      <object_component id="oc-10c">
         <name>.debug_line</name>
         <load_address>0xcea</load_address>
         <run_address>0xcea</run_address>
         <size>0x71</size>
         <input_file_ref idref="fl-138"/>
      </object_component>
      <object_component id="oc-10a">
         <name>.debug_line</name>
         <load_address>0xd5b</load_address>
         <run_address>0xd5b</run_address>
         <size>0x2a</size>
         <input_file_ref idref="fl-138"/>
      </object_component>
      <object_component id="oc-71">
         <name>.debug_line</name>
         <load_address>0xd85</load_address>
         <run_address>0xd85</run_address>
         <size>0x7a</size>
         <input_file_ref idref="fl-138"/>
      </object_component>
      <object_component id="oc-37">
         <name>.debug_line</name>
         <load_address>0xdff</load_address>
         <run_address>0xdff</run_address>
         <size>0x88</size>
         <input_file_ref idref="fl-13d"/>
      </object_component>
      <object_component id="oc-53">
         <name>.debug_line</name>
         <load_address>0xe87</load_address>
         <run_address>0xe87</run_address>
         <size>0x79</size>
         <input_file_ref idref="fl-13e"/>
      </object_component>
      <object_component id="oc-5f">
         <name>.debug_line</name>
         <load_address>0xf00</load_address>
         <run_address>0xf00</run_address>
         <size>0x40</size>
         <input_file_ref idref="fl-13f"/>
      </object_component>
      <object_component id="oc-b6">
         <name>.debug_line</name>
         <load_address>0xf40</load_address>
         <run_address>0xf40</run_address>
         <size>0x33</size>
         <input_file_ref idref="fl-140"/>
      </object_component>
      <object_component id="oc-157">
         <name>.debug_line</name>
         <load_address>0xf73</load_address>
         <run_address>0xf73</run_address>
         <size>0x20</size>
         <input_file_ref idref="fl-148"/>
      </object_component>
      <object_component id="oc-106">
         <name>.debug_line</name>
         <load_address>0xf93</load_address>
         <run_address>0xf93</run_address>
         <size>0x2b</size>
         <input_file_ref idref="fl-148"/>
      </object_component>
      <object_component id="oc-103">
         <name>.debug_line</name>
         <load_address>0xfbe</load_address>
         <run_address>0xfbe</run_address>
         <size>0x68</size>
         <input_file_ref idref="fl-148"/>
      </object_component>
      <object_component id="oc-f9">
         <name>.debug_line</name>
         <load_address>0x1026</load_address>
         <run_address>0x1026</run_address>
         <size>0x2b</size>
         <input_file_ref idref="fl-149"/>
      </object_component>
      <object_component id="oc-6b">
         <name>.debug_line</name>
         <load_address>0x1051</load_address>
         <run_address>0x1051</run_address>
         <size>0x50</size>
         <input_file_ref idref="fl-149"/>
      </object_component>
      <object_component id="oc-fd">
         <name>.debug_line</name>
         <load_address>0x10a1</load_address>
         <run_address>0x10a1</run_address>
         <size>0x2b</size>
         <input_file_ref idref="fl-149"/>
      </object_component>
      <object_component id="oc-cb">
         <name>.debug_line</name>
         <load_address>0x10cc</load_address>
         <run_address>0x10cc</run_address>
         <size>0x81</size>
         <input_file_ref idref="fl-14a"/>
      </object_component>
      <object_component id="oc-65">
         <name>.debug_line</name>
         <load_address>0x114d</load_address>
         <run_address>0x114d</run_address>
         <size>0x79</size>
         <input_file_ref idref="fl-14a"/>
      </object_component>
      <object_component id="oc-cf">
         <name>.debug_line</name>
         <load_address>0x11c6</load_address>
         <run_address>0x11c6</run_address>
         <size>0x2e</size>
         <input_file_ref idref="fl-14a"/>
      </object_component>
      <object_component id="oc-d4">
         <name>.debug_line</name>
         <load_address>0x11f4</load_address>
         <run_address>0x11f4</run_address>
         <size>0x73</size>
         <input_file_ref idref="fl-14a"/>
      </object_component>
      <object_component id="oc-10e">
         <name>.debug_line</name>
         <load_address>0x1267</load_address>
         <run_address>0x1267</run_address>
         <size>0x80</size>
         <input_file_ref idref="fl-14b"/>
      </object_component>
      <object_component id="oc-a0">
         <name>.debug_line</name>
         <load_address>0x12e7</load_address>
         <run_address>0x12e7</run_address>
         <size>0x68</size>
         <input_file_ref idref="fl-14b"/>
      </object_component>
      <object_component id="oc-112">
         <name>.debug_line</name>
         <load_address>0x134f</load_address>
         <run_address>0x134f</run_address>
         <size>0x2e</size>
         <input_file_ref idref="fl-14b"/>
      </object_component>
      <object_component id="oc-bc">
         <name>.debug_line</name>
         <load_address>0x137d</load_address>
         <run_address>0x137d</run_address>
         <size>0x72</size>
         <input_file_ref idref="fl-14f"/>
      </object_component>
      <object_component id="oc-b8">
         <name>.debug_line</name>
         <load_address>0x13ef</load_address>
         <run_address>0x13ef</run_address>
         <size>0xcf</size>
         <input_file_ref idref="fl-150"/>
      </object_component>
      <object_component id="oc-78">
         <name>.debug_line</name>
         <load_address>0x14be</load_address>
         <run_address>0x14be</run_address>
         <size>0x2c</size>
         <input_file_ref idref="fl-150"/>
      </object_component>
      <object_component id="oc-c1">
         <name>.debug_line</name>
         <load_address>0x14ea</load_address>
         <run_address>0x14ea</run_address>
         <size>0x2c</size>
         <input_file_ref idref="fl-150"/>
      </object_component>
      <object_component id="oc-1a6">
         <name>.debug_line</name>
         <load_address>0x1516</load_address>
         <run_address>0x1516</run_address>
         <size>0x4e</size>
         <input_file_ref idref="fl-153"/>
      </object_component>
      <object_component id="oc-1a4">
         <name>.debug_line</name>
         <load_address>0x1564</load_address>
         <run_address>0x1564</run_address>
         <size>0x49</size>
         <input_file_ref idref="fl-153"/>
      </object_component>
      <object_component id="oc-141">
         <name>.debug_line</name>
         <load_address>0x15ad</load_address>
         <run_address>0x15ad</run_address>
         <size>0x9d</size>
         <input_file_ref idref="fl-153"/>
      </object_component>
      <object_component id="oc-11e">
         <name>.debug_line</name>
         <load_address>0x164a</load_address>
         <run_address>0x164a</run_address>
         <size>0x73</size>
         <input_file_ref idref="fl-153"/>
      </object_component>
      <object_component id="oc-19d">
         <name>.debug_line</name>
         <load_address>0x16bd</load_address>
         <run_address>0x16bd</run_address>
         <size>0xa1</size>
         <input_file_ref idref="fl-155"/>
      </object_component>
      <object_component id="oc-197">
         <name>.debug_line</name>
         <load_address>0x175e</load_address>
         <run_address>0x175e</run_address>
         <size>0x4b</size>
         <input_file_ref idref="fl-155"/>
      </object_component>
      <object_component id="oc-199">
         <name>.debug_line</name>
         <load_address>0x17a9</load_address>
         <run_address>0x17a9</run_address>
         <size>0x4b</size>
         <input_file_ref idref="fl-155"/>
      </object_component>
      <object_component id="oc-1aa">
         <name>.debug_line</name>
         <load_address>0x17f4</load_address>
         <run_address>0x17f4</run_address>
         <size>0x4b</size>
         <input_file_ref idref="fl-155"/>
      </object_component>
      <object_component id="oc-19b">
         <name>.debug_line</name>
         <load_address>0x183f</load_address>
         <run_address>0x183f</run_address>
         <size>0x4b</size>
         <input_file_ref idref="fl-155"/>
      </object_component>
      <object_component id="oc-15c">
         <name>.debug_line</name>
         <load_address>0x188a</load_address>
         <run_address>0x188a</run_address>
         <size>0x6a</size>
         <input_file_ref idref="fl-155"/>
      </object_component>
      <object_component id="oc-162">
         <name>.debug_line</name>
         <load_address>0x18f4</load_address>
         <run_address>0x18f4</run_address>
         <size>0x7c</size>
         <input_file_ref idref="fl-155"/>
      </object_component>
      <object_component id="oc-118">
         <name>.debug_line</name>
         <load_address>0x1970</load_address>
         <run_address>0x1970</run_address>
         <size>0x162</size>
         <input_file_ref idref="fl-155"/>
      </object_component>
      <object_component id="oc-1a1">
         <name>.debug_line</name>
         <load_address>0x1ad2</load_address>
         <run_address>0x1ad2</run_address>
         <size>0x4b</size>
         <input_file_ref idref="fl-155"/>
      </object_component>
      <object_component id="oc-1a8">
         <name>.debug_line</name>
         <load_address>0x1b1d</load_address>
         <run_address>0x1b1d</run_address>
         <size>0x4e</size>
         <input_file_ref idref="fl-156"/>
      </object_component>
      <object_component id="oc-128">
         <name>.debug_line</name>
         <load_address>0x1b6b</load_address>
         <run_address>0x1b6b</run_address>
         <size>0x5f</size>
         <input_file_ref idref="fl-156"/>
      </object_component>
      <object_component id="oc-12e">
         <name>.debug_line</name>
         <load_address>0x1bca</load_address>
         <run_address>0x1bca</run_address>
         <size>0x5f</size>
         <input_file_ref idref="fl-156"/>
      </object_component>
      <object_component id="oc-e1">
         <name>.debug_frame</name>
         <load_address>0x0</load_address>
         <run_address>0x0</run_address>
         <size>0xcf</size>
         <input_file_ref idref="fl-2"/>
      </object_component>
      <object_component id="oc-ed">
         <name>.debug_frame</name>
         <load_address>0xcf</load_address>
         <run_address>0xcf</run_address>
         <size>0xd0</size>
         <input_file_ref idref="fl-3"/>
      </object_component>
      <object_component id="oc-f3">
         <name>.debug_frame</name>
         <load_address>0x19f</load_address>
         <run_address>0x19f</run_address>
         <size>0xa1</size>
         <input_file_ref idref="fl-6"/>
      </object_component>
      <object_component id="oc-db">
         <name>.debug_frame</name>
         <load_address>0x240</load_address>
         <run_address>0x240</run_address>
         <size>0x86</size>
         <input_file_ref idref="fl-7"/>
      </object_component>
      <object_component id="oc-e7">
         <name>.debug_frame</name>
         <load_address>0x2c6</load_address>
         <run_address>0x2c6</run_address>
         <size>0xa7</size>
         <input_file_ref idref="fl-8"/>
      </object_component>
      <object_component id="oc-a9">
         <name>.debug_frame</name>
         <load_address>0x36d</load_address>
         <run_address>0x36d</run_address>
         <size>0x8a</size>
         <input_file_ref idref="fl-a"/>
      </object_component>
      <object_component id="oc-32">
         <name>.debug_frame</name>
         <load_address>0x3f7</load_address>
         <run_address>0x3f7</run_address>
         <size>0xb2</size>
         <input_file_ref idref="fl-b"/>
      </object_component>
      <object_component id="oc-17">
         <name>.debug_frame</name>
         <load_address>0x4a9</load_address>
         <run_address>0x4a9</run_address>
         <size>0x7f</size>
         <input_file_ref idref="fl-134"/>
      </object_component>
      <object_component id="oc-47">
         <name>.debug_frame</name>
         <load_address>0x528</load_address>
         <run_address>0x528</run_address>
         <size>0x8e</size>
         <input_file_ref idref="fl-135"/>
      </object_component>
      <object_component id="oc-1d">
         <name>.debug_frame</name>
         <load_address>0x5b6</load_address>
         <run_address>0x5b6</run_address>
         <size>0x7f</size>
         <input_file_ref idref="fl-135"/>
      </object_component>
      <object_component id="oc-23">
         <name>.debug_frame</name>
         <load_address>0x635</load_address>
         <run_address>0x635</run_address>
         <size>0x7f</size>
         <input_file_ref idref="fl-136"/>
      </object_component>
      <object_component id="oc-72">
         <name>.debug_frame</name>
         <load_address>0x6b4</load_address>
         <run_address>0x6b4</run_address>
         <size>0xb3</size>
         <input_file_ref idref="fl-138"/>
      </object_component>
      <object_component id="oc-60">
         <name>.debug_frame</name>
         <load_address>0x767</load_address>
         <run_address>0x767</run_address>
         <size>0x7f</size>
         <input_file_ref idref="fl-13f"/>
      </object_component>
      <object_component id="oc-104">
         <name>.debug_frame</name>
         <load_address>0x7e6</load_address>
         <run_address>0x7e6</run_address>
         <size>0xa1</size>
         <input_file_ref idref="fl-148"/>
      </object_component>
      <object_component id="oc-6c">
         <name>.debug_frame</name>
         <load_address>0x887</load_address>
         <run_address>0x887</run_address>
         <size>0x7f</size>
         <input_file_ref idref="fl-149"/>
      </object_component>
      <object_component id="oc-66">
         <name>.debug_frame</name>
         <load_address>0x906</load_address>
         <run_address>0x906</run_address>
         <size>0x8a</size>
         <input_file_ref idref="fl-14a"/>
      </object_component>
      <object_component id="oc-a1">
         <name>.debug_frame</name>
         <load_address>0x990</load_address>
         <run_address>0x990</run_address>
         <size>0x8e</size>
         <input_file_ref idref="fl-14b"/>
      </object_component>
      <object_component id="oc-142">
         <name>.debug_frame</name>
         <load_address>0xa1e</load_address>
         <run_address>0xa1e</run_address>
         <size>0x8f</size>
         <input_file_ref idref="fl-153"/>
      </object_component>
      <object_component id="oc-11f">
         <name>.debug_frame</name>
         <load_address>0xaad</load_address>
         <run_address>0xaad</run_address>
         <size>0x86</size>
         <input_file_ref idref="fl-153"/>
      </object_component>
      <object_component id="oc-15d">
         <name>.debug_frame</name>
         <load_address>0xb33</load_address>
         <run_address>0xb33</run_address>
         <size>0x7f</size>
         <input_file_ref idref="fl-155"/>
      </object_component>
      <object_component id="oc-163">
         <name>.debug_frame</name>
         <load_address>0xbb2</load_address>
         <run_address>0xbb2</run_address>
         <size>0x8a</size>
         <input_file_ref idref="fl-155"/>
      </object_component>
      <object_component id="oc-119">
         <name>.debug_frame</name>
         <load_address>0xc3c</load_address>
         <run_address>0xc3c</run_address>
         <size>0x98</size>
         <input_file_ref idref="fl-155"/>
      </object_component>
      <object_component id="oc-129">
         <name>.debug_frame</name>
         <load_address>0xcd4</load_address>
         <run_address>0xcd4</run_address>
         <size>0x7f</size>
         <input_file_ref idref="fl-156"/>
      </object_component>
      <object_component id="oc-12f">
         <name>.debug_frame</name>
         <load_address>0xd53</load_address>
         <run_address>0xd53</run_address>
         <size>0x7f</size>
         <input_file_ref idref="fl-156"/>
      </object_component>
      <object_component id="oc-179">
         <name>.debug_abbrev</name>
         <load_address>0x0</load_address>
         <run_address>0x0</run_address>
         <size>0x7b</size>
         <input_file_ref idref="fl-2"/>
      </object_component>
      <object_component id="oc-17d">
         <name>.debug_abbrev</name>
         <load_address>0x7b</load_address>
         <run_address>0x7b</run_address>
         <size>0x29</size>
         <input_file_ref idref="fl-2"/>
      </object_component>
      <object_component id="oc-17b">
         <name>.debug_abbrev</name>
         <load_address>0xa4</load_address>
         <run_address>0xa4</run_address>
         <size>0x29</size>
         <input_file_ref idref="fl-2"/>
      </object_component>
      <object_component id="oc-13c">
         <name>.debug_abbrev</name>
         <load_address>0xcd</load_address>
         <run_address>0xcd</run_address>
         <size>0xc3</size>
         <input_file_ref idref="fl-2"/>
      </object_component>
      <object_component id="oc-c5">
         <name>.debug_abbrev</name>
         <load_address>0x190</load_address>
         <run_address>0x190</run_address>
         <size>0x1f</size>
         <input_file_ref idref="fl-2"/>
      </object_component>
      <object_component id="oc-85">
         <name>.debug_abbrev</name>
         <load_address>0x1af</load_address>
         <run_address>0x1af</run_address>
         <size>0x35</size>
         <input_file_ref idref="fl-2"/>
      </object_component>
      <object_component id="oc-186">
         <name>.debug_abbrev</name>
         <load_address>0x1e4</load_address>
         <run_address>0x1e4</run_address>
         <size>0x7e</size>
         <input_file_ref idref="fl-3"/>
      </object_component>
      <object_component id="oc-184">
         <name>.debug_abbrev</name>
         <load_address>0x262</load_address>
         <run_address>0x262</run_address>
         <size>0x27</size>
         <input_file_ref idref="fl-3"/>
      </object_component>
      <object_component id="oc-150">
         <name>.debug_abbrev</name>
         <load_address>0x289</load_address>
         <run_address>0x289</run_address>
         <size>0x7a</size>
         <input_file_ref idref="fl-3"/>
      </object_component>
      <object_component id="oc-18a">
         <name>.debug_abbrev</name>
         <load_address>0x303</load_address>
         <run_address>0x303</run_address>
         <size>0x49</size>
         <input_file_ref idref="fl-3"/>
      </object_component>
      <object_component id="oc-80">
         <name>.debug_abbrev</name>
         <load_address>0x34c</load_address>
         <run_address>0x34c</run_address>
         <size>0x1f</size>
         <input_file_ref idref="fl-3"/>
      </object_component>
      <object_component id="oc-18f">
         <name>.debug_abbrev</name>
         <load_address>0x36b</load_address>
         <run_address>0x36b</run_address>
         <size>0x49</size>
         <input_file_ref idref="fl-6"/>
      </object_component>
      <object_component id="oc-151">
         <name>.debug_abbrev</name>
         <load_address>0x3b4</load_address>
         <run_address>0x3b4</run_address>
         <size>0x7a</size>
         <input_file_ref idref="fl-6"/>
      </object_component>
      <object_component id="oc-174">
         <name>.debug_abbrev</name>
         <load_address>0x42e</load_address>
         <run_address>0x42e</run_address>
         <size>0x67</size>
         <input_file_ref idref="fl-7"/>
      </object_component>
      <object_component id="oc-123">
         <name>.debug_abbrev</name>
         <load_address>0x495</load_address>
         <run_address>0x495</run_address>
         <size>0x6d</size>
         <input_file_ref idref="fl-7"/>
      </object_component>
      <object_component id="oc-182">
         <name>.debug_abbrev</name>
         <load_address>0x502</load_address>
         <run_address>0x502</run_address>
         <size>0x39</size>
         <input_file_ref idref="fl-8"/>
      </object_component>
      <object_component id="oc-180">
         <name>.debug_abbrev</name>
         <load_address>0x53b</load_address>
         <run_address>0x53b</run_address>
         <size>0x27</size>
         <input_file_ref idref="fl-8"/>
      </object_component>
      <object_component id="oc-146">
         <name>.debug_abbrev</name>
         <load_address>0x562</load_address>
         <run_address>0x562</run_address>
         <size>0xb8</size>
         <input_file_ref idref="fl-8"/>
      </object_component>
      <object_component id="oc-18d">
         <name>.debug_abbrev</name>
         <load_address>0x61a</load_address>
         <run_address>0x61a</run_address>
         <size>0x7e</size>
         <input_file_ref idref="fl-a"/>
      </object_component>
      <object_component id="oc-153">
         <name>.debug_abbrev</name>
         <load_address>0x698</load_address>
         <run_address>0x698</run_address>
         <size>0x29</size>
         <input_file_ref idref="fl-a"/>
      </object_component>
      <object_component id="oc-f7">
         <name>.debug_abbrev</name>
         <load_address>0x6c1</load_address>
         <run_address>0x6c1</run_address>
         <size>0x71</size>
         <input_file_ref idref="fl-a"/>
      </object_component>
      <object_component id="oc-7c">
         <name>.debug_abbrev</name>
         <load_address>0x732</load_address>
         <run_address>0x732</run_address>
         <size>0x5d</size>
         <input_file_ref idref="fl-b"/>
      </object_component>
      <object_component id="oc-33">
         <name>.debug_abbrev</name>
         <load_address>0x78f</load_address>
         <run_address>0x78f</run_address>
         <size>0x29</size>
         <input_file_ref idref="fl-b"/>
      </object_component>
      <object_component id="oc-7b">
         <name>.debug_abbrev</name>
         <load_address>0x7b8</load_address>
         <run_address>0x7b8</run_address>
         <size>0xcb</size>
         <input_file_ref idref="fl-b"/>
      </object_component>
      <object_component id="oc-76">
         <name>.debug_abbrev</name>
         <load_address>0x883</load_address>
         <run_address>0x883</run_address>
         <size>0x3d</size>
         <input_file_ref idref="fl-133"/>
      </object_component>
      <object_component id="oc-8e">
         <name>.debug_abbrev</name>
         <load_address>0x8c0</load_address>
         <run_address>0x8c0</run_address>
         <size>0x52</size>
         <input_file_ref idref="fl-134"/>
      </object_component>
      <object_component id="oc-3b">
         <name>.debug_abbrev</name>
         <load_address>0x912</load_address>
         <run_address>0x912</run_address>
         <size>0x74</size>
         <input_file_ref idref="fl-134"/>
      </object_component>
      <object_component id="oc-3e">
         <name>.debug_abbrev</name>
         <load_address>0x986</load_address>
         <run_address>0x986</run_address>
         <size>0x24</size>
         <input_file_ref idref="fl-134"/>
      </object_component>
      <object_component id="oc-8b">
         <name>.debug_abbrev</name>
         <load_address>0x9aa</load_address>
         <run_address>0x9aa</run_address>
         <size>0x24</size>
         <input_file_ref idref="fl-134"/>
      </object_component>
      <object_component id="oc-91">
         <name>.debug_abbrev</name>
         <load_address>0x9ce</load_address>
         <run_address>0x9ce</run_address>
         <size>0x52</size>
         <input_file_ref idref="fl-135"/>
      </object_component>
      <object_component id="oc-90">
         <name>.debug_abbrev</name>
         <load_address>0xa20</load_address>
         <run_address>0xa20</run_address>
         <size>0x7b</size>
         <input_file_ref idref="fl-135"/>
      </object_component>
      <object_component id="oc-48">
         <name>.debug_abbrev</name>
         <load_address>0xa9b</load_address>
         <run_address>0xa9b</run_address>
         <size>0x74</size>
         <input_file_ref idref="fl-135"/>
      </object_component>
      <object_component id="oc-4c">
         <name>.debug_abbrev</name>
         <load_address>0xb0f</load_address>
         <run_address>0xb0f</run_address>
         <size>0x24</size>
         <input_file_ref idref="fl-135"/>
      </object_component>
      <object_component id="oc-95">
         <name>.debug_abbrev</name>
         <load_address>0xb33</load_address>
         <run_address>0xb33</run_address>
         <size>0x24</size>
         <input_file_ref idref="fl-135"/>
      </object_component>
      <object_component id="oc-99">
         <name>.debug_abbrev</name>
         <load_address>0xb57</load_address>
         <run_address>0xb57</run_address>
         <size>0x52</size>
         <input_file_ref idref="fl-136"/>
      </object_component>
      <object_component id="oc-54">
         <name>.debug_abbrev</name>
         <load_address>0xba9</load_address>
         <run_address>0xba9</run_address>
         <size>0x74</size>
         <input_file_ref idref="fl-136"/>
      </object_component>
      <object_component id="oc-57">
         <name>.debug_abbrev</name>
         <load_address>0xc1d</load_address>
         <run_address>0xc1d</run_address>
         <size>0x24</size>
         <input_file_ref idref="fl-136"/>
      </object_component>
      <object_component id="oc-10b">
         <name>.debug_abbrev</name>
         <load_address>0xc41</load_address>
         <run_address>0xc41</run_address>
         <size>0x6b</size>
         <input_file_ref idref="fl-138"/>
      </object_component>
      <object_component id="oc-109">
         <name>.debug_abbrev</name>
         <load_address>0xcac</load_address>
         <run_address>0xcac</run_address>
         <size>0x29</size>
         <input_file_ref idref="fl-138"/>
      </object_component>
      <object_component id="oc-b2">
         <name>.debug_abbrev</name>
         <load_address>0xcd5</load_address>
         <run_address>0xcd5</run_address>
         <size>0xba</size>
         <input_file_ref idref="fl-138"/>
      </object_component>
      <object_component id="oc-88">
[...]
            <object_component_ref idref="oc-127"/>
            <object_component_ref idref="oc-12d"/>
         </contents>
      </logical_group>
      <logical_group id="lg-1c8" display="never" color="cyan">
         <name>.debug_pubnames</name>
         <load_address>0x0</load_address>
         <run_address>0x0</run_address>
         <size>0x7a9</size>
         <contents>
            <object_component_ref idref="oc-132"/>
            <object_component_ref idref="oc-13b"/>
            <object_component_ref idref="oc-138"/>
            <object_component_ref idref="oc-df"/>
            <object_component_ref idref="oc-14d"/>
            <object_component_ref idref="oc-14a"/>
            <object_component_ref idref="oc-eb"/>
            <object_component_ref idref="oc-f1"/>
            <object_component_ref idref="oc-122"/>
            <object_component_ref idref="oc-d9"/>
            <object_component_ref idref="oc-145"/>
            <object_component_ref idref="oc-e5"/>
            <object_component_ref idref="oc-14f"/>
            <object_component_ref idref="oc-f6"/>
            <object_component_ref idref="oc-a7"/>
            <object_component_ref idref="oc-11"/>
            <object_component_ref idref="oc-30"/>
            <object_component_ref idref="oc-28"/>
            <object_component_ref idref="oc-16"/>
            <object_component_ref idref="oc-45"/>
            <object_component_ref idref="oc-1b"/>
            <object_component_ref idref="oc-21"/>
            <object_component_ref idref="oc-b1"/>
            <object_component_ref idref="oc-70"/>
            <object_component_ref idref="oc-3a"/>
            <object_component_ref idref="oc-52"/>
            <object_component_ref idref="oc-5e"/>
            <object_component_ref idref="oc-75"/>
            <object_component_ref idref="oc-ae"/>
            <object_component_ref idref="oc-102"/>
            <object_component_ref idref="oc-6a"/>
            <object_component_ref idref="oc-64"/>
            <object_component_ref idref="oc-9f"/>
            <object_component_ref idref="oc-2c"/>
            <object_component_ref idref="oc-171"/>
            <object_component_ref idref="oc-140"/>
            <object_component_ref idref="oc-11d"/>
            <object_component_ref idref="oc-166"/>
            <object_component_ref idref="oc-169"/>
            <object_component_ref idref="oc-193"/>
            <object_component_ref idref="oc-16c"/>
            <object_component_ref idref="oc-15b"/>
            <object_component_ref idref="oc-161"/>
            <object_component_ref idref="oc-117"/>
            <object_component_ref idref="oc-126"/>
            <object_component_ref idref="oc-12c"/>
         </contents>
      </logical_group>
      <logical_group id="lg-1ca" display="never" color="cyan">
         <name>.debug_pubtypes</name>
         <load_address>0x0</load_address>
         <run_address>0x0</run_address>
         <size>0x656</size>
         <contents>
            <object_component_ref idref="oc-c4"/>
            <object_component_ref idref="oc-84"/>
            <object_component_ref idref="oc-189"/>
            <object_component_ref idref="oc-7f"/>
            <object_component_ref idref="oc-3d"/>
            <object_component_ref idref="oc-8a"/>
            <object_component_ref idref="oc-4b"/>
            <object_component_ref idref="oc-94"/>
            <object_component_ref idref="oc-56"/>
            <object_component_ref idref="oc-b4"/>
            <object_component_ref idref="oc-108"/>
            <object_component_ref idref="oc-fb"/>
            <object_component_ref idref="oc-cd"/>
            <object_component_ref idref="oc-d2"/>
            <object_component_ref idref="oc-110"/>
            <object_component_ref idref="oc-ba"/>
            <object_component_ref idref="oc-7a"/>
            <object_component_ref idref="oc-bf"/>
            <object_component_ref idref="oc-19f"/>
         </contents>
      </logical_group>
      <load_segment id="lg-1da" display="no" color="cyan">
         <name>SEGMENT_0</name>
         <load_address>0x0</load_address>
         <run_address>0x0</run_address>
         <size>0x10d8</size>
         <flags>0x5</flags>
         <contents>
            <logical_group_ref idref="lg-3"/>
            <logical_group_ref idref="lg-4"/>
            <logical_group_ref idref="lg-5"/>
            <logical_group_ref idref="lg-6"/>
         </contents>
      </load_segment>
      <load_segment id="lg-1db" display="no" color="cyan">
         <name>SEGMENT_1</name>
         <run_address>0x20000000</run_address>
         <size>0x378</size>
         <flags>0x6</flags>
         <contents>
            <logical_group_ref idref="lg-d"/>
            <logical_group_ref idref="lg-b"/>
            <logical_group_ref idref="lg-a"/>
            <logical_group_ref idref="lg-c"/>
         </contents>
      </load_segment>
   </logical_group_list>
   <placement_map>
      <memory_area display="yes" color="green">
         <name>FLASH</name>
         <page_id>0x0</page_id>
         <origin>0x0</origin>
         <length>0x100000</length>
         <used_space>0x10d8</used_space>
         <unused_space>0xfef28</unused_space>
         <attributes>RX</attributes>
         <usage_details>
            <allocated_space>
               <start_address>0x0</start_address>
               <size>0x208</size>
               <logical_group_ref idref="lg-3"/>
            </allocated_space>
            <allocated_space>
               <start_address>0x208</start_address>
               <size>0xc04</size>
               <logical_group_ref idref="lg-4"/>
            </allocated_space>
            <allocated_space>
               <start_address>0xe0c</start_address>
               <size>0x26c</size>
               <logical_group_ref idref="lg-5"/>
            </allocated_space>
            <allocated_space>
               <start_address>0x1078</start_address>
               <size>0x60</size>
               <logical_group_ref idref="lg-6"/>
            </allocated_space>
            <available_space>
               <start_address>0x10d8</start_address>
               <size>0xfef28</size>
            </available_space>
         </usage_details>
      </memory_area>
      <memory_area display="yes" color="green">
         <name>SRAM</name>
         <page_id>0x0</page_id>
         <origin>0x20000000</origin>
         <length>0x40000</length>
         <used_space>0x373</used_space>
         <unused_space>0x3fc8d</unused_space>
         <attributes>RWX</attributes>
         <usage_details>
            <allocated_space>
               <start_address>0x20000000</start_address>
               <size>0x200</size>
               <logical_group_ref idref="lg-d"/>
            </allocated_space>
            <allocated_space>
               <start_address>0x20000200</start_address>
               <size>0x130</size>
               <logical_group_ref idref="lg-1ab"/>
            </allocated_space>
            <allocated_space>
               <start_address>0x20000330</start_address>
               <size>0x3b</size>
               <logical_group_ref idref="lg-1ad"/>
            </allocated_space>
            <available_space>
               <start_address>0x2000036b</start_address>
               <size>0x5</size>
            </available_space>
            <allocated_space>
               <start_address>0x20000370</start_address>
               <size>0x8</size>
               <logical_group_ref idref="lg-c"/>
            </allocated_space>
            <available_space>
               <start_address>0x20000378</start_address>
               <size>0x3fc88</size>
            </available_space>
         </usage_details>
      </memory_area>
   </placement_map>
   <cptbl_list>
      <cptbl>
         <name>__TI_cinit_table</name>
         <cprec>
            <name>.data</name>
            <load_address>0x1078</load_address>
            <load_size>0x36</load_size>
            <run_address>0x20000330</run_address>
            <run_size>0x3b</run_size>
            <compression>rle</compression>
         </cprec>
         <cprec>
            <name>.bss</name>
            <load_address>0x10c0</load_address>
            <load_size>0x8</load_size>
            <run_address>0x20000200</run_address>
            <run_size>0x130</run_size>
            <compression>zero_init</compression>
         </cprec>
      </cptbl>
   </cptbl_list>
   <handler_table>
      <handler_table_name>__TI_handler_table</handler_table_name>
      <handler>
         <index>0x0</index>
         <name>__TI_decompress_rle24</name>
      </handler>
      <handler>
         <index>0x1</index>
         <name>__TI_decompress_none</name>
      </handler>
      <handler>
         <index>0x2</index>
         <name>__TI_zero_init</name>
      </handler>
   </handler_table>
   <symbol_table>
      <symbol id="sm-1">
         <name>__STACK_TOP</name>
         <value>0x20000200</value>
      </symbol>
      <symbol id="sm-2">
         <name>__TI_CINIT_Base</name>
         <value>0x10c8</value>
      </symbol>
      <symbol id="sm-3">
         <name>__TI_CINIT_Limit</name>
         <value>0x10d8</value>
      </symbol>
      <symbol id="sm-4">
         <name>__TI_Handler_Table_Base</name>
         <value>0x10b0</value>
      </symbol>
      <symbol id="sm-5">
         <name>__TI_Handler_Table_Limit</name>
         <value>0x10bc</value>
      </symbol>
      <symbol id="sm-6">
         <name>binit</name>
         <value>0xffffffff</value>
      </symbol>
      <symbol id="sm-7">
         <name>__binit__</name>
         <value>0xffffffff</value>
      </symbol>
      <symbol id="sm-8">
         <name>__STACK_SIZE</name>
         <value>0x200</value>
      </symbol>
      <symbol id="sm-9">
         <name>__STACK_END</name>
         <value>0x20000200</value>
      </symbol>
      <symbol id="sm-a">
         <name>__SYSMEM_SIZE</name>
         <value>0x8</value>
      </symbol>
      <symbol id="sm-b">
         <name>__c_args__</name>
         <value>0xffffffff</value>
      </symbol>
      <symbol id="sm-5a">
         <name>rxBuf_in</name>
         <value>0x20000320</value>
      </symbol>
      <symbol id="sm-5b">
         <name>rxBuf_out</name>
         <value>0x20000324</value>
      </symbol>
      <symbol id="sm-5c">
         <name>txBuf_in</name>
         <value>0x20000328</value>
      </symbol>
      <symbol id="sm-5d">
         <name>txBuf_out</name>
         <value>0x2000032c</value>
      </symbol>
      <symbol id="sm-5e">
         <name>bufferReceive</name>
         <value>0x4bf</value>
         <object_component_ref idref="oc-dc"/>
      </symbol>
      <symbol id="sm-5f">
         <name>txBuf</name>
         <value>0x20000280</value>
         <object_component_ref idref="oc-136"/>
      </symbol>
      <symbol id="sm-60">
         <name>bufferSend</name>
         <value>0x4f9</value>
         <object_component_ref idref="oc-dc"/>
      </symbol>
      <symbol id="sm-61">
         <name>UARTIntHandler</name>
         <value>0x427</value>
         <object_component_ref idref="oc-dc"/>
      </symbol>
      <symbol id="sm-62">
         <name>bufferInit</name>
         <value>0x40d</value>
         <object_component_ref idref="oc-dc"/>
      </symbol>
      <symbol id="sm-63">
         <name>rxBuf</name>
         <value>0x20000200</value>
         <object_component_ref idref="oc-139"/>
      </symbol>
      <symbol id="sm-93">
         <name>cimi</name>
         <value>0x20000300</value>
      </symbol>
      <symbol id="sm-94">
         <name>setLayer</name>
         <value>0x845</value>
         <object_component_ref idref="oc-e8"/>
      </symbol>
      <symbol id="sm-95">
         <name>cimiInit</name>
         <value>0x851</value>
         <object_component_ref idref="oc-e8"/>
      </symbol>
      <symbol id="sm-96">
         <name>setLocalParam</name>
         <value>0x7b5</value>
         <object_component_ref idref="oc-e8"/>
      </symbol>
      <symbol id="sm-97">
         <name>setDeviceAddress</name>
         <value>0x831</value>
         <object_component_ref idref="oc-e8"/>
      </symbol>
      <symbol id="sm-ad">
         <name>UARTSendChar</name>
         <value>0xbdd</value>
         <object_component_ref idref="oc-ee"/>
      </symbol>
      <symbol id="sm-ae">
         <name>sendUart</name>
         <value>0xbad</value>
         <object_component_ref idref="oc-ee"/>
      </symbol>
      <symbol id="sm-c7">
         <name>g_ui32SysClock</name>
         <value>0x2000031c</value>
      </symbol>
      <symbol id="sm-c8">
         <name>initUart</name>
         <value>0x88d</value>
         <object_component_ref idref="oc-d6"/>
      </symbol>
      <symbol id="sm-eb">
         <name>ButtonsInit</name>
         <value>0x75b</value>
         <object_component_ref idref="oc-e2"/>
      </symbol>
      <symbol id="sm-ec">
         <name>ButtonsPoll</name>
         <value>0x6b5</value>
         <object_component_ref idref="oc-e2"/>
      </symbol>
      <symbol id="sm-10a">
         <name>schliesseRelais</name>
         <value>0x20000330</value>
         <object_component_ref idref="oc-f4"/>
      </symbol>
      <symbol id="sm-10b">
         <name>main</name>
         <value>0x9d1</value>
         <object_component_ref idref="oc-a4"/>
      </symbol>
      <symbol id="sm-10c">
         <name>offeRelais</name>
         <value>0x20000342</value>
         <object_component_ref idref="oc-f4"/>
      </symbol>
      <symbol id="sm-128">
         <name>ResetISR</name>
         <value>0xde3</value>
         <object_component_ref idref="oc-2d"/>
      </symbol>
      <symbol id="sm-129">
         <name>g_pfnVectors</name>
         <value>0x0</value>
         <object_component_ref idref="oc-f"/>
      </symbol>
      <symbol id="sm-13c">
         <name>_c_int00</name>
         <value>0xc0d</value>
         <object_component_ref idref="oc-24"/>
      </symbol>
      <symbol id="sm-13d">
         <name>__stack</name>
         <value>0x20000000</value>
         <object_component_ref idref="oc-29"/>
      </symbol>
      <symbol id="sm-154">
         <name>__TI_decompress_none</name>
         <value>0xdc9</value>
         <object_component_ref idref="oc-12"/>
      </symbol>
      <symbol id="sm-17c">
         <name>__TI_decompress_rle24</name>
         <value>0xe03</value>
         <object_component_ref idref="oc-18"/>
      </symbol>
      <symbol id="sm-18e">
         <name>__TI_zero_init</name>
         <value>0xdd7</value>
         <object_component_ref idref="oc-1e"/>
      </symbol>
      <symbol id="sm-1ae">
         <name>C$$EXIT</name>
         <value>0xd39</value>
         <object_component_ref idref="oc-6d"/>
      </symbol>
      <symbol id="sm-1af">
         <name>abort</name>
         <value>0xd3d</value>
         <object_component_ref idref="oc-6d"/>
      </symbol>
      <symbol id="sm-1b0">
         <name>exit</name>
         <value>0xd45</value>
         <object_component_ref idref="oc-6d"/>
      </symbol>
      <symbol id="sm-1b1">
         <name>__TI_dtors_ptr</name>
         <value>0x20000360</value>
         <object_component_ref idref="oc-af"/>
      </symbol>
      <symbol id="sm-1b2">
         <name>__TI_cleanup_ptr</name>
         <value>0x2000035c</value>
         <object_component_ref idref="oc-af"/>
      </symbol>
      <symbol id="sm-1d5">
         <name>memcpy</name>
         <value>0x935</value>
         <object_component_ref idref="oc-36"/>
      </symbol>
      <symbol id="sm-1d6">
         <name>__aeabi_memcpy</name>
         <value>0x935</value>
         <object_component_ref idref="oc-36"/>
      </symbol>
      <symbol id="sm-1d7">
         <name>__aeabi_memcpy8</name>
         <value>0x935</value>
         <object_component_ref idref="oc-36"/>
      </symbol>
      <symbol id="sm-1d8">
         <name>__aeabi_memcpy4</name>
         <value>0x935</value>
         <object_component_ref idref="oc-36"/>
      </symbol>
      <symbol id="sm-1e7">
         <name>__aeabi_memset</name>
         <value>0xa5b</value>
         <object_component_ref idref="oc-4f"/>
      </symbol>
      <symbol id="sm-1e8">
         <name>memset</name>
         <value>0xa61</value>
         <object_component_ref idref="oc-4f"/>
      </symbol>
      <symbol id="sm-1e9">
         <name>__aeabi_memset8</name>
         <value>0xa5b</value>
         <object_component_ref idref="oc-4f"/>
      </symbol>
      <symbol id="sm-1ea">
         <name>__aeabi_memset4</name>
         <value>0xa5b</value>
         <object_component_ref idref="oc-4f"/>
      </symbol>
      <symbol id="sm-1eb">
         <name>__aeabi_memclr8</name>
         <value>0xa59</value>
         <object_component_ref idref="oc-4f"/>
      </symbol>
      <symbol id="sm-1ec">
         <name>__aeabi_memclr4</name>
         <value>0xa59</value>
         <object_component_ref idref="oc-4f"/>
      </symbol>
      <symbol id="sm-1ed">
         <name>__aeabi_memclr</name>
         <value>0xa59</value>
         <object_component_ref idref="oc-4f"/>
      </symbol>
      <symbol id="sm-1f7">
         <name>_system_pre_init</name>
         <value>0xe09</value>
         <object_component_ref idref="oc-5b"/>
      </symbol>
      <symbol id="sm-1ff">
         <name>main_func_sp</name>
         <value>0x20000364</value>
         <object_component_ref idref="oc-73"/>
      </symbol>
      <symbol id="sm-21f">
         <name>_nop</name>
         <value>0xdc3</value>
         <object_component_ref idref="oc-ff"/>
      </symbol>
      <symbol id="sm-220">
         <name>_lock</name>
         <value>0x20000354</value>
         <object_component_ref idref="oc-ac"/>
      </symbol>
      <symbol id="sm-221">
         <name>_unlock</name>
         <value>0x20000358</value>
         <object_component_ref idref="oc-ac"/>
      </symbol>
      <symbol id="sm-222">
         <name>_register_lock</name>
         <value>0xdbb</value>
         <object_component_ref idref="oc-ff"/>
      </symbol>
      <symbol id="sm-223">
         <name>_register_unlock</name>
         <value>0xdb5</value>
         <object_component_ref idref="oc-ff"/>
      </symbol>
      <symbol id="sm-238">
         <name>_args_main</name>
         <value>0xd9d</value>
         <object_component_ref idref="oc-67"/>
      </symbol>
      <symbol id="sm-25e">
         <name>__TI_auto_init</name>
         <value>0xad5</value>
         <object_component_ref idref="oc-61"/>
      </symbol>
      <symbol id="sm-278">
         <name>copy_in</name>
         <value>0xc5d</value>
         <object_component_ref idref="oc-9c"/>
      </symbol>
      <symbol id="sm-294">
         <name>_sys_memory</name>
         <value>0x20000370</value>
         <object_component_ref idref="oc-2a"/>
      </symbol>
      <symbol id="sm-2b8">
         <name>GPIOPinConfigure</name>
         <value>0xca9</value>
         <object_component_ref idref="oc-11a"/>
      </symbol>
      <symbol id="sm-2b9">
         <name>GPIOPadConfigSet</name>
         <value>0x581</value>
         <object_component_ref idref="oc-13d"/>
      </symbol>
      <symbol id="sm-31f">
         <name>SysCtlClockFreqSet</name>
         <value>0x209</value>
         <object_component_ref idref="oc-114"/>
      </symbol>
      <symbol id="sm-336">
         <name>UARTCharPut</name>
         <value>0xdf9</value>
         <object_component_ref idref="oc-124"/>
      </symbol>
      <symbol id="sm-337">
         <name>UARTCharGet</name>
         <value>0xdef</value>
         <object_component_ref idref="oc-12a"/>
      </symbol>
      <symbol id="sm-339">
         <name>__TI_static_base__</name>
         <value>0x0</value>
      </symbol>
      <symbol id="sm-33c">
         <name>SHT$$INIT_ARRAY$$Limit</name>
         <value>0x0</value>
      </symbol>
      <symbol id="sm-33d">
         <name>SHT$$INIT_ARRAY$$Base</name>
         <value>0x0</value>
      </symbol>
   </symbol_table>
   <title>Link successful</title>
</link_info>
